################################################################################
#                                                                              #
#      IAR Universal Linker V6.6.2.104                                         #
#                                                                              #
#           Link time     =  24/Oct/2021  23:35:16                             #
#           Target CPU    =  x51                                               #
#           List file     =  "C:\Users\stenger\Desktop\IAR Messablauf\Debug\Li #
#                            st\Messablauf.map"                                #
#           Output file 1 =  "C:\Users\stenger\Desktop\IAR Messablauf\Debug\Ex #
#                            e\Messablauf.d51"                                 #
#                            Format: ubrof10                                   #
#                            UBROF version 10.0.6                              #
#                            Using library modules for C-SPY (-rt)             #
#           Command line  =  -f                                                #
#                            C:\Users\stenger\AppData\Local\Temp\EW10E.tmp     #
#                            ("C:\Users\stenger\Desktop\IAR Messablauf\Debug\O #
#                            bj\ADC.r51"                                       #
#                            "C:\Users\stenger\Desktop\IAR Messablauf\Debug\Ob #
#                            j\ID.r51"                                         #
#                            "C:\Users\stenger\Desktop\IAR Messablauf\Debug\Ob #
#                            j\main.r51"                                       #
#                            "C:\Users\stenger\Desktop\IAR Messablauf\Debug\Ob #
#                            j\Powermode.r51"                                  #
#                            "C:\Users\stenger\Desktop\IAR Messablauf\Debug\Ob #
#                            j\Radio.r51"                                      #
#                            "C:\Users\stenger\Desktop\IAR Messablauf\Debug\Ob #
#                            j\SelectRFInput.r51"                              #
#                            "C:\Users\stenger\Desktop\IAR Messablauf\Debug\Ob #
#                            j\timer4.r51"                                     #
#                            -o                                                #
#                            "C:\Users\stenger\Desktop\IAR Messablauf\Debug\Ex #
#                            e\Messablauf.d51"                                 #
#                            -l                                                #
#                            "C:\Users\stenger\Desktop\IAR Messablauf\Debug\Li #
#                            st\Messablauf.map"                                #
#                            -xms                                              #
#                            "-IC:\Program Files (x86)\IAR Systems\Embedded Wo #
#                            rkbench 8.3\8051\LIB\"                            #
#                            -f                                                #
#                            "C:\Program Files (x86)\IAR Systems\Embedded Work #
#                            bench 8.3\8051\config\devices\Texas Instruments\l #
#                            nk51ew_CC1110F8.xcl"                              #
#                            (-D_IDATA0_START=0x00 -D_IDATA0_END=0xFF          #
#                            -D_PDATA0_START=0xF000 -D_PDATA0_END=0xF0FF       #
#                            -D_IXDATA0_START=0x00F000                         #
#                            -D_IXDATA0_END=0x00F2FF                           #
#                            -D_XDATA0_START=0x00F000 -D_XDATA0_END=0x00F2FF   #
#                            -D_CODE0_START=0x000000 -D_CODE0_END=0x001FFF     #
#                            -D?REGISTER_BANK=0x0 -D_REGISTER_BANK_START=0x0   #
#                            -D_BREG_START=0x00 -D?VB=0x20 -D?B=F0 -D?IE=A8    #
#                            -D?IP=A9 -Z(BIT)BREG=_BREG_START                  #
#                            -Z(BIT)BIT_N=0-7F                                 #
#                            -Z(DATA)REGISTERS+8=_REGISTER_BANK_START          #
#                            -Z(DATA)BDATA_Z,BDATA_N,BDATA_I=20-2F             #
#                            -Z(DATA)VREG=08-7F -Z(DATA)PSP,XSP=08-7F          #
#                            -Z(DATA)DOVERLAY=08-7F                            #
#                            -Z(DATA)DATA_I,DATA_Z,DATA_N=08-7F                #
#                            -U(IDATA)0-7F=(DATA)0-7F                          #
#                            -Z(IDATA)IDATA_I,IDATA_Z,IDATA_N=08-_IDATA0_END   #
#                            -Z(IDATA)ISTACK+_IDATA_STACK_SIZE#08-_IDATA0_END  #
#                            -Z(IDATA)IOVERLAY=08-FF -Z(CODE)INTVEC=0          #
#                            -Z(CODE)CSTART=_CODE0_START-_CODE0_END            #
#                            -Z(CODE)BIT_ID,BDATA_ID,DATA_ID,IDATA_ID,IXDATA_I #
#                            D,PDATA_ID,XDATA_ID=_CODE0_START-_CODE0_END       #
#                            -Z(CODE)RCODE,DIFUNCT,CODE_C,CODE_N,NEAR_CODE=_CO #
#                            DE0_START-_CODE0_END                              #
#                            -Z(CODE)CHECKSUM#_CODE0_END                       #
#                            -Z(XDATA)PDATA_Z,PDATA_I=_PDATA0_START-_PDATA0_EN #
#                            D                                                 #
#                            -P(XDATA)PDATA_N=_PDATA0_START-_PDATA0_END        #
#                            -Z(XDATA)PSTACK+_PDATA_STACK_SIZE=_PDATA0_START-_ #
#                            PDATA0_END                                        #
#                            -Z(XDATA)EXT_STACK+_EXTENDED_STACK_SIZE=_EXTENDED #
#                            _STACK_START                                      #
#                            -Z(XDATA)XSTACK+_XDATA_STACK_SIZE=_XDATA0_START-_ #
#                            XDATA0_END                                        #
#                            -Z(XDATA)IXDATA_Z,IXDATA_I=_IXDATA0_START-_IXDATA #
#                            0_END                                             #
#                            -P(XDATA)IXDATA_N=_IXDATA0_START-_IXDATA0_END     #
#                            -Z(XDATA)XDATA_Z,XDATA_I=_XDATA0_START-_XDATA0_EN #
#                            D                                                 #
#                            -P(XDATA)XDATA_N=_XDATA0_START-_XDATA0_END        #
#                            -Z(XDATA)XDATA_HEAP+_XDATA_HEAP_SIZE=_XDATA0_STAR #
#                            T-_XDATA0_END                                     #
#                            -Z(CONST)XDATA_ROM_C=_XDATA0_START-_XDATA0_END    #
#                            -cx51) -D_NR_OF_VIRTUAL_REGISTERS=8               #
#                            -D?PBANK=0x93 -D?CBANK=0xF0 -D?CBANK_MASK=0x30    #
#                            -e?BCALL_30=?BCALL -e?BRET_30=?BRET               #
#                            -e?BDISPATCH_30=?BDISPATCH                        #
#                            -D_CODEBANK_START=0x8000 -D_CODEBANK_END=0xFFFF   #
#                            -D_NR_OF_BANKS=0x03                               #
#                            "-IC:\Program Files (x86)\IAR Systems\Embedded Wo #
#                            rkbench 8.3\8051\CONFIG\"                         #
#                            -rt -s __program_start                            #
#                            "C:\Program Files (x86)\IAR Systems\Embedded Work #
#                            bench 8.3\8051\LIB\DLIB\dl-pli-nlpd-1e16x01n.r51" #
#                            -D_IDATA_STACK_SIZE=0x40 -D?ESP=0 -D?ESP_MASK=0   #
#                            -D_EXTENDED_STACK_START=0                         #
#                            -D_EXTENDED_STACK_SIZE=0                          #
#                            -D_PDATA_STACK_SIZE=0x80                          #
#                            -D_XDATA_STACK_SIZE=0xEFF                         #
#                            -D_XDATA_HEAP_SIZE=0xFF -D_FAR_HEAP_SIZE=0xFFF    #
#                            -D_HUGE_HEAP_SIZE=0xFFF                           #
#                            -D_FAR22_HEAP_SIZE=0xFFF)                         #
#                                                                              #
#                           Copyright (C) 1987-2019 IAR Systems AB.            #
################################################################################





                ****************************************
                *                                      *
                *           CROSS REFERENCE            *
                *                                      *
                ****************************************

       Program entry at : CODE      00000042  Relocatable, from module : CSTARTUP




                ****************************************
                *                                      *
                *            RUNTIME MODEL             *
                *                                      *
                ****************************************

  __Heap_Handler             = Basic
  __SystemLibrary            = DLib
  __calling_convention       = pdata_reentrant
  __code_model               = near
  __core                     = plain
  __data_model               = large
  __dlib_file_descriptor     = 0
  __dlib_full_locale_support = 0
  __dptr_size                = 16
  __extended_stack           = disabled
  __location_for_constants   = data
  __number_of_dptrs          = 1
  __register_banks           = *
  __rt_version               = 1

                ****************************************
                *                                      *
                *    AUTOMATIC SYMBOL REDIRECTIONS     *
                *                                      *
                ****************************************

                  There are no automatic symbol redirections.



                ****************************************
                *                                      *
                *              MODULE MAP              *
                *                                      *
                ****************************************


  DEFINED ABSOLUTE ENTRIES
    *************************************************************************

  DEFINED ABSOLUTE ENTRIES
  PROGRAM MODULE, NAME : ?ABS_ENTRY_MOD

Absolute parts
           ENTRY                   ADDRESS         REF BY
           =====                   =======         ======
           _FAR22_HEAP_SIZE        00000FFF 
           _HUGE_HEAP_SIZE         00000FFF 
           _FAR_HEAP_SIZE          00000FFF 
           _XDATA_HEAP_SIZE        000000FF 
           _XDATA_STACK_SIZE       00000EFF 
           _PDATA_STACK_SIZE       00000080 
           _EXTENDED_STACK_SIZE    00000000 
           _EXTENDED_STACK_START   00000000 
           ?ESP_MASK               00000000 
           ?ESP                    00000000 
           _IDATA_STACK_SIZE       00000040 
           _NR_OF_BANKS            00000003 
           _CODEBANK_END           0000FFFF 
           _CODEBANK_START         00008000 
           ?CBANK_MASK             00000030 
           ?CBANK                  000000F0 
           ?PBANK                  00000093        ?RESET_PDATA_BANK (CSTARTUP)
           _NR_OF_VIRTUAL_REGISTERS
                                   00000008 
           ?IP                     000000A9 
           ?IE                     000000A8 
           ?B                      000000F0        ?FLT_DIV (?FLT_DIV)
                                                   ?FLT_MUL (?FLT_MUL)
                                                   ?FLT_TO_L (?FLT_TO_L)
                                                   ?L_MUL_REW (?L_MUL)
                                                   ?US_DIV_MOD (?S_DIV_MOD)
                                                   Segment part 7 (?FLT_TO_L)
                                                   main (main)
           ?VB                     00000020        ?FUNC_ENTER_PDATA (?FUNC_ENTER_PDATA)
                                                   ?FUNC_LEAVE_PDATA (?FUNC_LEAVE_PDATA)
           _BREG_START             00000000 
           _REGISTER_BANK_START    00000000 
           ?REGISTER_BANK          00000000        Segment part 6 (CSTARTUP)
           _CODE0_END              00001FFF 
           _CODE0_START            00000000 
           _XDATA0_END             0000F2FF 
           _XDATA0_START           0000F000 
           _IXDATA0_END            0000F2FF 
           _IXDATA0_START          0000F000 
           _PDATA0_END             0000F0FF 
           _PDATA0_START           0000F000        __exit (?__exit)
           _IDATA0_END             000000FF 
           _IDATA0_START           00000000 
    *************************************************************************

  FILE NAME : C:\Users\stenger\Desktop\IAR Messablauf\Debug\Obj\ADC.r51
  PROGRAM MODULE, NAME : ADC

  SEGMENTS IN THE MODULE
  ======================
SFR_AN
  Relative segment, address: DATA 000000B4 - 000000B4 (0x1 bytes), align: 0
  Segment part 1. ROOT        Intra module refs:   Initadc
                                                   readADC
           ENTRY                   ADDRESS         REF BY
           =====                   =======         ======
           ADCCON1                 000000B4 
    -------------------------------------------------------------------------
SFR_AN
  Relative segment, address: DATA 000000B5 - 000000B5 (0x1 bytes), align: 0
  Segment part 2. ROOT        Intra module refs:   Initadc
           ENTRY                   ADDRESS         REF BY
           =====                   =======         ======
           ADCCON2                 000000B5 
    -------------------------------------------------------------------------
SFR_AN
  Relative segment, address: DATA 000000BA - 000000BA (0x1 bytes), align: 0
  Segment part 3. ROOT        Intra module refs:   readADC
           ENTRY                   ADDRESS         REF BY
           =====                   =======         ======
           ADCL                    000000BA 
    -------------------------------------------------------------------------
SFR_AN
  Relative segment, address: DATA 000000BB - 000000BB (0x1 bytes), align: 0
  Segment part 4. ROOT        Intra module refs:   readADC
           ENTRY                   ADDRESS         REF BY
           =====                   =======         ======
           ADCH                    000000BB 
    -------------------------------------------------------------------------
SFR_AN
  Relative segment, address: DATA 000000BE - 000000BE (0x1 bytes), align: 0
  Segment part 5. ROOT        Intra module refs:   InitCLK (Powermode)
                                                   Initadc
           ENTRY                   ADDRESS         REF BY
           =====                   =======         ======
           SLEEP                   000000BE 
    -------------------------------------------------------------------------
SFR_AN
  Relative segment, address: DATA 000000C6 - 000000C6 (0x1 bytes), align: 0
  Segment part 6. ROOT        Intra module refs:   InitCLK (Powermode)
                                                   Initadc
           ENTRY                   ADDRESS         REF BY
           =====                   =======         ======
           CLKCON                  000000C6 
    -------------------------------------------------------------------------
SFR_AN
  Relative segment, address: DATA 000000F2 - 000000F2 (0x1 bytes), align: 0
  Segment part 7. ROOT        Intra module refs:   Initadc
           ENTRY                   ADDRESS         REF BY
           =====                   =======         ======
           ADCCFG                  000000F2 
    -------------------------------------------------------------------------
NEAR_CODE
  Relative segment, address: CODE 00000722 - 00000744 (0x23 bytes), align: 0
  Segment part 13.
           ENTRY                   ADDRESS         REF BY
           =====                   =======         ======
           Initadc                 00000722        main (main)
    -------------------------------------------------------------------------
NEAR_CODE
  Relative segment, address: CODE 00000745 - 0000077A (0x36 bytes), align: 0
  Segment part 14.
           ENTRY                   ADDRESS         REF BY
           =====                   =======         ======
           readADC                 00000745        main (main)
               ISTACK = 00000000 ( 00000002 )

    *************************************************************************

  FILE NAME : C:\Users\stenger\Desktop\IAR Messablauf\Debug\Obj\ID.r51
  PROGRAM MODULE, NAME : ID

  SEGMENTS IN THE MODULE
  ======================
SFR_AN
  Relative segment, address: DATA 00000090 - 00000090 (0x1 bytes), align: 0
  Segment part 1. ROOT        Intra module refs:   getID
                                                   main (main)
                                                   receive (Radio)
                                                   transmit (Radio)
           ENTRY                   ADDRESS         REF BY
           =====                   =======         ======
           _A_P1                   00000090 
           LOCAL                   ADDRESS         
           =====                   =======         
           P1                      00000090 
    -------------------------------------------------------------------------
SFR_AN
  Relative segment, address: DATA 000000F4 - 000000F4 (0x1 bytes), align: 0
  Segment part 2. ROOT        Intra module refs:   getID
           ENTRY                   ADDRESS         REF BY
           =====                   =======         ======
           P1SEL                   000000F4 
    -------------------------------------------------------------------------
SFR_AN
  Relative segment, address: DATA 000000F6 - 000000F6 (0x1 bytes), align: 0
  Segment part 3. ROOT        Intra module refs:   getID
           ENTRY                   ADDRESS         REF BY
           =====                   =======         ======
           P1INP                   000000F6 
    -------------------------------------------------------------------------
SFR_AN
  Relative segment, address: DATA 000000F7 - 000000F7 (0x1 bytes), align: 0
  Segment part 4. ROOT        Intra module refs:   getID
           ENTRY                   ADDRESS         REF BY
           =====                   =======         ======
           P2INP                   000000F7 
    -------------------------------------------------------------------------
SFR_AN
  Relative segment, address: DATA 000000FE - 000000FE (0x1 bytes), align: 0
  Segment part 5. ROOT        Intra module refs:   getID
                                                   main (main)
           ENTRY                   ADDRESS         REF BY
           =====                   =======         ======
           P1DIR                   000000FE 
    -------------------------------------------------------------------------
NEAR_CODE
  Relative segment, address: CODE 0000077B - 00000815 (0x9b bytes), align: 0
  Segment part 11.
           ENTRY                   ADDRESS         REF BY
           =====                   =======         ======
           getID                   0000077B        main (main)
               PSTACK = 00000000 ( 00000009 )

    *************************************************************************

  FILE NAME : C:\Users\stenger\Desktop\IAR Messablauf\Debug\Obj\main.r51
  PROGRAM MODULE, NAME : main

  SEGMENTS IN THE MODULE
  ======================
XDATA_Z
  Relative segment, address: XDATA 0000F080 - 0000F080 (0x1 bytes), align: 0
  Segment part 10.
           ENTRY                   ADDRESS         REF BY
           =====                   =======         ======
           RFmode                  0000F080        Rx (Radio)
                                                   Tx_process (Radio)
    -------------------------------------------------------------------------
XDATA_Z
  Relative segment, address: XDATA 0000F081 - 0000F08A (0xa bytes), align: 0
  Segment part 11.            Intra module refs:   main
           ENTRY                   ADDRESS         REF BY
           =====                   =======         ======
           Rxdata                  0000F081        receive (Radio)
    -------------------------------------------------------------------------
XDATA_Z
  Relative segment, address: XDATA 0000F08B - 0000F094 (0xa bytes), align: 0
  Segment part 12.            Intra module refs:   main
           ENTRY                   ADDRESS         REF BY
           =====                   =======         ======
           Txdata                  0000F08B 
    -------------------------------------------------------------------------
XDATA_Z
  Relative segment, address: XDATA 0000F095 - 0000F0A8 (0x14 bytes), align: 0
  Segment part 13.            Intra module refs:   main
           ENTRY                   ADDRESS         REF BY
           =====                   =======         ======
           rssim                   0000F095 
    -------------------------------------------------------------------------
XDATA_Z
  Relative segment, address: XDATA 0000F0A9 - 0000F0D0 (0x28 bytes), align: 0
  Segment part 14.            Intra module refs:   main
           ENTRY                   ADDRESS         REF BY
           =====                   =======         ======
           rss                     0000F0A9 
    -------------------------------------------------------------------------
XDATA_I
  Relative segment, address: XDATA 0000F0D8 - 0000F0D8 (0x1 bytes), align: 0
  Segment part 15.            Intra module refs:   main
           ENTRY                   ADDRESS         REF BY
           =====                   =======         ======
           length                  0000F0D8 
    -------------------------------------------------------------------------
XDATA_Z
  Relative segment, address: XDATA 0000F0D1 - 0000F0D1 (0x1 bytes), align: 0
  Segment part 17.
           ENTRY                   ADDRESS         REF BY
           =====                   =======         ======
           XtalCLK_Flag            0000F0D1        InitCLK (Powermode)
                                                   InitRadio (Radio)
    -------------------------------------------------------------------------
XDATA_Z
  Relative segment, address: XDATA 0000F0D2 - 0000F0D2 (0x1 bytes), align: 0
  Segment part 18.
           ENTRY                   ADDRESS         REF BY
           =====                   =======         ======
           ID                      0000F0D2        getID (ID)
    -------------------------------------------------------------------------
XDATA_Z
  Relative segment, address: XDATA 0000F0D3 - 0000F0D3 (0x1 bytes), align: 0
  Segment part 19.            Intra module refs:   main
           ENTRY                   ADDRESS         REF BY
           =====                   =======         ======
           IDB                     0000F0D3 
    -------------------------------------------------------------------------
XDATA_Z
  Relative segment, address: XDATA 0000F0D4 - 0000F0D7 (0x4 bytes), align: 0
  Segment part 20.            Intra module refs:   main
           ENTRY                   ADDRESS         REF BY
           =====                   =======         ======
           mean                    0000F0D4 
    -------------------------------------------------------------------------
XDATA_I
  Relative segment, address: XDATA 0000F0D9 - 0000F0DA (0x2 bytes), align: 0
  Segment part 21.
           ENTRY                   ADDRESS         REF BY
           =====                   =======         ======
           RssiOffset              0000F0D9        convertRssiByte (Radio)
    -------------------------------------------------------------------------
XDATA_I
  Relative segment, address: XDATA 0000F0DB - 0000F0DE (0x4 bytes), align: 0
  Segment part 23.            Intra module refs:   main
           ENTRY                   ADDRESS         REF BY
           =====                   =======         ======
           __Constant_3a201403     0000F0DB 
    -------------------------------------------------------------------------
XDATA_I
  Relative segment, address: XDATA 0000F0DF - 0000F0E2 (0x4 bytes), align: 0
  Segment part 25.            Intra module refs:   main
           ENTRY                   ADDRESS         REF BY
           =====                   =======         ======
           __Constant_42c80000     0000F0DF 
    -------------------------------------------------------------------------
XDATA_I
  Relative segment, address: XDATA 0000F0E3 - 0000F0E6 (0x4 bytes), align: 0
  Segment part 27.            Intra module refs:   main
           ENTRY                   ADDRESS         REF BY
           =====                   =======         ======
           __Constant_461c4000     0000F0E3 
    -------------------------------------------------------------------------
XDATA_I
  Relative segment, address: XDATA 0000F0E7 - 0000F0EA (0x4 bytes), align: 0
  Segment part 29.            Intra module refs:   main
           ENTRY                   ADDRESS         REF BY
           =====                   =======         ======
           __Constant_49742400     0000F0E7 
    -------------------------------------------------------------------------
XDATA_I
  Relative segment, address: XDATA 0000F0EB - 0000F0EE (0x4 bytes), align: 0
  Segment part 31.            Intra module refs:   main
           ENTRY                   ADDRESS         REF BY
           =====                   =======         ======
           __Constant_447a0000     0000F0EB 
    -------------------------------------------------------------------------
XDATA_I
  Relative segment, address: XDATA 0000F0EF - 0000F0F2 (0x4 bytes), align: 0
  Segment part 33.            Intra module refs:   main
           ENTRY                   ADDRESS         REF BY
           =====                   =======         ======
           __Constant_4189999a     0000F0EF 
    -------------------------------------------------------------------------
XDATA_I
  Relative segment, address: XDATA 0000F0F3 - 0000F0F6 (0x4 bytes), align: 0
  Segment part 35.            Intra module refs:   main
           ENTRY                   ADDRESS         REF BY
           =====                   =======         ======
           __Constant_64           0000F0F3 
    -------------------------------------------------------------------------
XDATA_I
  Relative segment, address: XDATA 0000F0F7 - 0000F0FA (0x4 bytes), align: 0
  Segment part 37.            Intra module refs:   main
           ENTRY                   ADDRESS         REF BY
           =====                   =======         ======
           __Constant_2710         0000F0F7 
    -------------------------------------------------------------------------
NEAR_CODE
  Relative segment, address: CODE 00000816 - 00000D16 (0x501 bytes), align: 0
  Segment part 39.
           ENTRY                   ADDRESS         REF BY
           =====                   =======         ======
           main                    00000816        ?call_main (?cmain)
               calls direct
               PSTACK = 00000000 ( 00000011 )
               ISTACK = 00000000 ( 00000001 )
    -------------------------------------------------------------------------
XDATA_ID
  Relative segment, address: CODE 00000051 - 00000051 (0x1 bytes), align: 0
  Segment part 16.            Intra module refs:   length
    -------------------------------------------------------------------------
XDATA_ID
  Relative segment, address: CODE 00000052 - 00000053 (0x2 bytes), align: 0
  Segment part 22.            Intra module refs:   RssiOffset
    -------------------------------------------------------------------------
XDATA_ID
  Relative segment, address: CODE 00000054 - 00000057 (0x4 bytes), align: 0
  Segment part 24.            Intra module refs:   __Constant_3a201403
    -------------------------------------------------------------------------
XDATA_ID
  Relative segment, address: CODE 00000058 - 0000005B (0x4 bytes), align: 0
  Segment part 26.            Intra module refs:   __Constant_42c80000
    -------------------------------------------------------------------------
XDATA_ID
  Relative segment, address: CODE 0000005C - 0000005F (0x4 bytes), align: 0
  Segment part 28.            Intra module refs:   __Constant_461c4000
    -------------------------------------------------------------------------
XDATA_ID
  Relative segment, address: CODE 00000060 - 00000063 (0x4 bytes), align: 0
  Segment part 30.            Intra module refs:   __Constant_49742400
    -------------------------------------------------------------------------
XDATA_ID
  Relative segment, address: CODE 00000064 - 00000067 (0x4 bytes), align: 0
  Segment part 32.            Intra module refs:   __Constant_447a0000
    -------------------------------------------------------------------------
XDATA_ID
  Relative segment, address: CODE 00000068 - 0000006B (0x4 bytes), align: 0
  Segment part 34.            Intra module refs:   __Constant_4189999a
    -------------------------------------------------------------------------
XDATA_ID
  Relative segment, address: CODE 0000006C - 0000006F (0x4 bytes), align: 0
  Segment part 36.            Intra module refs:   __Constant_64
    -------------------------------------------------------------------------
XDATA_ID
  Relative segment, address: CODE 00000070 - 00000073 (0x4 bytes), align: 0
  Segment part 38.            Intra module refs:   __Constant_2710

    *************************************************************************

  FILE NAME : C:\Users\stenger\Desktop\IAR Messablauf\Debug\Obj\Powermode.r51
  PROGRAM MODULE, NAME : Powermode

  SEGMENTS IN THE MODULE
  ======================
NEAR_CODE
  Relative segment, address: CODE 00000D17 - 00000D32 (0x1c bytes), align: 0
  Segment part 8.
           ENTRY                   ADDRESS         REF BY
           =====                   =======         ======
           InitCLK                 00000D17        InitRadio (Radio)
                                                   main (main)

    *************************************************************************

  FILE NAME : C:\Users\stenger\Desktop\IAR Messablauf\Debug\Obj\Radio.r51
  PROGRAM MODULE, NAME : Radio

  SEGMENTS IN THE MODULE
  ======================
SFR_AN
  Relative segment, address: DATA 00000088 - 00000088 (0x1 bytes), align: 0
  Segment part 1. ROOT        Intra module refs:   InitRadio
                                                   receive
                                                   transmit
           ENTRY                   ADDRESS         REF BY
           =====                   =======         ======
           _A_TCON                 00000088 
           LOCAL                   ADDRESS         
           =====                   =======         
           TCON                    00000088 
    -------------------------------------------------------------------------
SFR_AN
  Relative segment, address: DATA 000000D9 - 000000D9 (0x1 bytes), align: 0
  Segment part 3. ROOT        Intra module refs:   receive
                                                   transmit
           ENTRY                   ADDRESS         REF BY
           =====                   =======         ======
           RFD                     000000D9 
    -------------------------------------------------------------------------
SFR_AN
  Relative segment, address: DATA 000000E1 - 000000E1 (0x1 bytes), align: 0
  Segment part 4. ROOT        Intra module refs:   Rx
                                                   Tx_process
                                                   receive
                                                   transmit
           ENTRY                   ADDRESS         REF BY
           =====                   =======         ======
           RFST                    000000E1 
    -------------------------------------------------------------------------
SFR_AN
  Relative segment, address: DATA 000000E9 - 000000E9 (0x1 bytes), align: 0
  Segment part 5. ROOT        Intra module refs:   InitRadio
                                                   transmit
           ENTRY                   ADDRESS         REF BY
           =====                   =======         ======
           RFIF                    000000E9 
    -------------------------------------------------------------------------
NEAR_CODE
  Relative segment, address: CODE 00000D33 - 00000DAD (0x7b bytes), align: 0
  Segment part 11.
           ENTRY                   ADDRESS         REF BY
           =====                   =======         ======
           InitRadio               00000D33        main (main)
               calls direct
    -------------------------------------------------------------------------
NEAR_CODE
  Relative segment, address: CODE 00000DAE - 00000DEB (0x3e bytes), align: 0
  Segment part 12.
           ENTRY                   ADDRESS         REF BY
           =====                   =======         ======
           transmit                00000DAE        main (main)
    -------------------------------------------------------------------------
NEAR_CODE
  Relative segment, address: CODE 00000DEC - 00000E4A (0x5f bytes), align: 0
  Segment part 13.            Intra module refs:   Rx
           ENTRY                   ADDRESS         REF BY
           =====                   =======         ======
           receive                 00000DEC 
               ISTACK = 00000000 ( 00000001 )
    -------------------------------------------------------------------------
NEAR_CODE
  Relative segment, address: CODE 00000E4B - 00000EAC (0x62 bytes), align: 0
  Segment part 14.
           ENTRY                   ADDRESS         REF BY
           =====                   =======         ======
           convertRssiByte         00000E4B        main (main)
               ISTACK = 00000000 ( 00000002 )
    -------------------------------------------------------------------------
NEAR_CODE
  Relative segment, address: CODE 00000EAD - 00000EC1 (0x15 bytes), align: 0
  Segment part 15.
           ENTRY                   ADDRESS         REF BY
           =====                   =======         ======
           Rx                      00000EAD        main (main)
               calls direct
    -------------------------------------------------------------------------
NEAR_CODE
  Relative segment, address: CODE 00000EC2 - 00000ED3 (0x12 bytes), align: 0
  Segment part 16.
           ENTRY                   ADDRESS         REF BY
           =====                   =======         ======
           Tx_process              00000EC2        main (main)

    *************************************************************************

  FILE NAME : C:\Users\stenger\Desktop\IAR Messablauf\Debug\Obj\SelectRFInput.r51
  PROGRAM MODULE, NAME : SelectRFInput

  SEGMENTS IN THE MODULE
  ======================
SFR_AN
  Relative segment, address: DATA 00000080 - 00000080 (0x1 bytes), align: 0
  Segment part 1. ROOT        Intra module refs:   SelDet
                                                   SeluC
           ENTRY                   ADDRESS         REF BY
           =====                   =======         ======
           _A_P0                   00000080 
           LOCAL                   ADDRESS         
           =====                   =======         
           P0                      00000080 
    -------------------------------------------------------------------------
SFR_AN
  Relative segment, address: DATA 0000008F - 0000008F (0x1 bytes), align: 0
  Segment part 2. ROOT        Intra module refs:   SelDet
                                                   SeluC
           ENTRY                   ADDRESS         REF BY
           =====                   =======         ======
           P0INP                   0000008F 
    -------------------------------------------------------------------------
SFR_AN
  Relative segment, address: DATA 000000FD - 000000FD (0x1 bytes), align: 0
  Segment part 3. ROOT        Intra module refs:   SelDet
                                                   SeluC
           ENTRY                   ADDRESS         REF BY
           =====                   =======         ======
           P0DIR                   000000FD 
    -------------------------------------------------------------------------
NEAR_CODE
  Relative segment, address: CODE 00000ED4 - 00000EE5 (0x12 bytes), align: 0
  Segment part 9.
           ENTRY                   ADDRESS         REF BY
           =====                   =======         ======
           SelDet                  00000ED4        main (main)
               calls direct
    -------------------------------------------------------------------------
NEAR_CODE
  Relative segment, address: CODE 00000EE6 - 00000EF7 (0x12 bytes), align: 0
  Segment part 10.
           ENTRY                   ADDRESS         REF BY
           =====                   =======         ======
           SeluC                   00000EE6        main (main)
               calls direct

    *************************************************************************

  FILE NAME : C:\Users\stenger\Desktop\IAR Messablauf\Debug\Obj\timer4.r51
  PROGRAM MODULE, NAME : timer4

  SEGMENTS IN THE MODULE
  ======================
NEAR_CODE
  Relative segment, address: CODE 00000EF8 - 00000F1C (0x25 bytes), align: 0
  Segment part 6.             Intra module refs:   McuWaitMs
           ENTRY                   ADDRESS         REF BY
           =====                   =======         ======
           McuWaitUs               00000EF8 
               PSTACK = 00000006 ( 00000000 )
    -------------------------------------------------------------------------
NEAR_CODE
  Relative segment, address: CODE 00000F1D - 00000F43 (0x27 bytes), align: 0
  Segment part 7.             Intra module refs:   McuWaitS
           ENTRY                   ADDRESS         REF BY
           =====                   =======         ======
           McuWaitMs               00000F1D        SelDet (SelectRFInput)
                                                   SeluC (SelectRFInput)
               calls direct
               PSTACK = 00000006 ( 00000006 )
    -------------------------------------------------------------------------
NEAR_CODE
  Relative segment, address: CODE 00000F44 - 00000F6A (0x27 bytes), align: 0
  Segment part 8.
           ENTRY                   ADDRESS         REF BY
           =====                   =======         ======
           McuWaitS                00000F44        main (main)
               calls direct
               PSTACK = 00000000 ( 00000006 )

    *************************************************************************

  FILE NAME : C:\Program Files (x86)\IAR Systems\Embedded Workbench 8.3\8051\LIB\DLIB\dl-pli-nlpd-1e16x01n.r51
  LIBRARY MODULE, NAME : ?__dbg_break

  SEGMENTS IN THE MODULE
  ======================
NEAR_CODE
  Relative segment, address: CODE 00000F6B - 00000F6D (0x3 bytes), align: 0
  Segment part 6.
           ENTRY                   ADDRESS         REF BY
           =====                   =======         ======
           __DebugBreak            00000F6B        __exit (?__exit)

    -------------------------------------------------------------------------
  LIBRARY MODULE, NAME : ?__exit

  SEGMENTS IN THE MODULE
  ======================
NEAR_CODE
  Relative segment, address: CODE 00000F6E - 00000F8C (0x1f bytes), align: 0
  Segment part 6.
           ENTRY                   ADDRESS         REF BY
           =====                   =======         ======
           __exit                  00000F6E        Segment part 10 (?cexit)
               calls direct
               PSTACK = 00000000 ( 00000008 )

    -------------------------------------------------------------------------
  LIBRARY MODULE, NAME : ?cexit

  SEGMENTS IN THE MODULE
  ======================
CSTART
  Relative segment, address: CODE 00000003, align: 0
  Segment part 5.
           ENTRY                   ADDRESS         REF BY
           =====                   =======         ======
           _exit                   00000003        exit (?exit)
               calls direct
    -------------------------------------------------------------------------
CSTART
  Relative segment, address: CODE 00000003 - 00000005 (0x3 bytes), align: 0
  Segment part 10.            Intra module refs:   _exit

    -------------------------------------------------------------------------
  LIBRARY MODULE, NAME : ?cmain

  SEGMENTS IN THE MODULE
  ======================
CSTART
  Relative segment, address: CODE 00000006, align: 0
  Segment part 5.
           ENTRY                   ADDRESS         REF BY
           =====                   =======         ======
           ?cmain                  00000006        Segment part 13 (CSTARTUP)
               calls direct
    -------------------------------------------------------------------------
CSTART
  Relative segment, address: CODE 00000006 - 00000015 (0x10 bytes), align: 0
  Segment part 16.
           ENTRY                   ADDRESS         REF BY
           =====                   =======         ======
           __INIT_XDATA_Z          00000006        ID (main)
                                                   IDB (main)
                                                   RFmode (main)
                                                   Rxdata (main)
                                                   Txdata (main)
                                                   XtalCLK_Flag (main)
                                                   mean (main)
                                                   rss (main)
                                                   rssim (main)
    -------------------------------------------------------------------------
CSTART
  Relative segment, address: CODE 00000016 - 0000003B (0x26 bytes), align: 0
  Segment part 33.
           ENTRY                   ADDRESS         REF BY
           =====                   =======         ======
           __INIT_XDATA_I          00000016        RssiOffset (main)
                                                   __Constant_2710 (main)
                                                   __Constant_3a201403 (main)
                                                   __Constant_4189999a (main)
                                                   __Constant_42c80000 (main)
                                                   __Constant_447a0000 (main)
                                                   __Constant_461c4000 (main)
                                                   __Constant_49742400 (main)
                                                   __Constant_64 (main)
                                                   length (main)
    -------------------------------------------------------------------------
DIFUNCT
  Relative segment, address: CODE 00000722, align: 0
  Segment part 38. ROOT 
    -------------------------------------------------------------------------
CSTART
  Relative segment, address: CODE 0000003C - 00000041 (0x6 bytes), align: 0
  Segment part 40.            Intra module refs:   ?cmain
           ENTRY                   ADDRESS         REF BY
           =====                   =======         ======
           ?call_main              0000003C 

    -------------------------------------------------------------------------
  LIBRARY MODULE, NAME : CSTARTUP

  SEGMENTS IN THE MODULE
  ======================
REGISTERS
  Relative segment, address: DATA 00000000, align: 0
  Segment part 0.             Intra module refs:   Segment part 6
           ENTRY                   ADDRESS         REF BY
           =====                   =======         ======
           ?REGISTERS              00000000 
    -------------------------------------------------------------------------
ISTACK
  Relative segment, address: IDATA 000000C0, align: 0
  Segment part 1.             Intra module refs:   Segment part 6
           ENTRY                   ADDRESS         REF BY
           =====                   =======         ======
           ?ISTACK_START           000000C0 
    -------------------------------------------------------------------------
PSTACK
  Relative segment, address: XDATA 0000F000, align: 0
  Segment part 2.             Intra module refs:   ?RESET_PSP
           ENTRY                   ADDRESS         REF BY
           =====                   =======         ======
           ?PSTACK_START           0000F000 
    -------------------------------------------------------------------------
INTVEC
  Common segment, address: CODE 00000000 - 00000002 (0x3 bytes), align: 0
  Segment part 5. ROOT        Intra module refs:   Segment part 6
    -------------------------------------------------------------------------
CSTART
  Relative segment, address: CODE 00000042 - 00000047 (0x6 bytes), align: 0
  Segment part 6. ROOT        Intra module refs:   Segment part 5
           ENTRY                   ADDRESS         REF BY
           =====                   =======         ======
           __program_start         00000042        Absolute parts (?ABS_ENTRY_MOD)
           ?RESET_SP               00000045 
    -------------------------------------------------------------------------
CSTART
  Relative segment, address: CODE 00000048 - 0000004A (0x3 bytes), align: 0
  Segment part 7.
           ENTRY                   ADDRESS         REF BY
           =====                   =======         ======
           ?RESET_PSP              00000048        ?PSP (VIRTUAL_REGISTERS)
    -------------------------------------------------------------------------
CSTART
  Relative segment, address: CODE 0000004B - 0000004D (0x3 bytes), align: 0
  Segment part 11.            Intra module refs:   ?RESET_PSP
           ENTRY                   ADDRESS         REF BY
           =====                   =======         ======
           ?RESET_PDATA_BANK       0000004B 
    -------------------------------------------------------------------------
CSTART
  Relative segment, address: CODE 0000004E - 00000050 (0x3 bytes), align: 0
  Segment part 13.            Intra module refs:   Absolute parts

    -------------------------------------------------------------------------
  LIBRARY MODULE, NAME : VIRTUAL_REGISTERS

  SEGMENTS IN THE MODULE
  ======================
BREG
  Relative segment, address: BIT 00000020.0 - 00000020.7 (0x8 bits), align: 0
  Segment part 0.
           ENTRY                   ADDRESS         REF BY
           =====                   =======         ======
           ?B0                     00000020.0      Absolute parts (CSTARTUP)
    -------------------------------------------------------------------------
VREG
  Relative segment, address: DATA 00000008 - 00000008 (0x1 bytes), align: 0
  Segment part 1.             Intra module refs:   ?V1
           ENTRY                   ADDRESS         REF BY
           =====                   =======         ======
           ?V0                     00000008        ?FUNC_ENTER_PDATA (?FUNC_ENTER_PDATA)
                                                   ?FUNC_LEAVE_PDATA (?FUNC_LEAVE_PDATA)
                                                   McuWaitMs (timer4)
                                                   McuWaitS (timer4)
                                                   __exit (?__exit)
                                                   convertRssiByte (Radio)
                                                   getID (ID)
                                                   main (main)
                                                   readADC (ADC)
    -------------------------------------------------------------------------
VREG
  Relative segment, address: DATA 00000009 - 00000009 (0x1 bytes), align: 0
  Segment part 2.             Intra module refs:   ?V2
           ENTRY                   ADDRESS         REF BY
           =====                   =======         ======
           ?V1                     00000009        convertRssiByte (Radio)
                                                   getID (ID)
                                                   main (main)
                                                   readADC (ADC)
    -------------------------------------------------------------------------
VREG
  Relative segment, address: DATA 0000000A - 0000000A (0x1 bytes), align: 0
  Segment part 3.             Intra module refs:   ?V3
           ENTRY                   ADDRESS         REF BY
           =====                   =======         ======
           ?V2                     0000000A        getID (ID)
                                                   main (main)
    -------------------------------------------------------------------------
VREG
  Relative segment, address: DATA 0000000B - 0000000B (0x1 bytes), align: 0
  Segment part 4.             Intra module refs:   ?V4
           ENTRY                   ADDRESS         REF BY
           =====                   =======         ======
           ?V3                     0000000B        getID (ID)
                                                   main (main)
    -------------------------------------------------------------------------
VREG
  Relative segment, address: DATA 0000000C - 0000000C (0x1 bytes), align: 0
  Segment part 5.             Intra module refs:   ?V5
           ENTRY                   ADDRESS         REF BY
           =====                   =======         ======
           ?V4                     0000000C        main (main)
    -------------------------------------------------------------------------
VREG
  Relative segment, address: DATA 0000000D - 0000000D (0x1 bytes), align: 0
  Segment part 6.             Intra module refs:   ?V6
           ENTRY                   ADDRESS         REF BY
           =====                   =======         ======
           ?V5                     0000000D        main (main)
    -------------------------------------------------------------------------
VREG
  Relative segment, address: DATA 0000000E - 0000000E (0x1 bytes), align: 0
  Segment part 7.             Intra module refs:   ?V7
           ENTRY                   ADDRESS         REF BY
           =====                   =======         ======
           ?V6                     0000000E        main (main)
    -------------------------------------------------------------------------
VREG
  Relative segment, address: DATA 0000000F - 0000000F (0x1 bytes), align: 0
  Segment part 8.
           ENTRY                   ADDRESS         REF BY
           =====                   =======         ======
           ?V7                     0000000F        main (main)
    -------------------------------------------------------------------------
PSP
  Relative segment, address: DATA 00000010 - 00000010 (0x1 bytes), align: 0
  Segment part 33.
           ENTRY                   ADDRESS         REF BY
           =====                   =======         ======
           ?PSP                    00000010        ?FUNC_ENTER_PDATA (?FUNC_ENTER_PDATA)
                                                   ?FUNC_LEAVE_PDATA (?FUNC_LEAVE_PDATA)
                                                   ?RESET_PSP (CSTARTUP)
                                                   __exit (?__exit)
                                                   main (main)

    -------------------------------------------------------------------------
  LIBRARY MODULE, NAME : ?exit

  SEGMENTS IN THE MODULE
  ======================
NEAR_CODE
  Relative segment, address: CODE 00000F8D - 00000F90 (0x4 bytes), align: 0
  Segment part 6.
           ENTRY                   ADDRESS         REF BY
           =====                   =======         ======
           exit                    00000F8D        ?call_main (?cmain)
               calls direct

    -------------------------------------------------------------------------
  LIBRARY MODULE, NAME : ?L_TO_FLT

  SEGMENTS IN THE MODULE
  ======================
RCODE
  Relative segment, address: CODE 00000074 - 00000076 (0x3 bytes), align: 0
  Segment part 0.
           ENTRY                   ADDRESS         REF BY
           =====                   =======         ======
           ?L_TO_FLT               00000074        main (main)
    -------------------------------------------------------------------------
RCODE
  Relative segment, address: CODE 00000077 - 0000008B (0x15 bytes), align: 0
  Segment part 1.             Intra module refs:   ?L_TO_FLT
           ENTRY                   ADDRESS         REF BY
           =====                   =======         ======
           ?L_TO_FLT_REW           00000077 
    -------------------------------------------------------------------------
RCODE
  Relative segment, address: CODE 0000008C - 0000008E (0x3 bytes), align: 0
  Segment part 2.             Intra module refs:   ?L_TO_FLT_REW
           ENTRY                   ADDRESS         REF BY
           =====                   =======         ======
           ?UL_TO_FLT_REW          0000008C 
    -------------------------------------------------------------------------
RCODE
  Relative segment, address: CODE 0000008F - 000000EB (0x5d bytes), align: 0
  Segment part 3.             Intra module refs:   ?L_TO_FLT_REW
                                                   ?UL_TO_FLT_REW
           ENTRY                   ADDRESS         REF BY
           =====                   =======         ======
           ?UL_TO_FLT              0000008F 

    -------------------------------------------------------------------------
  LIBRARY MODULE, NAME : ?FLT_TO_L

  SEGMENTS IN THE MODULE
  ======================
RCODE
  Relative segment, address: CODE 000000EC - 0000011F (0x34 bytes), align: 0
  Segment part 5.
           ENTRY                   ADDRESS         REF BY
           =====                   =======         ======
           ?FLT_TO_L               000000EC        main (main)
    -------------------------------------------------------------------------
RCODE
  Relative segment, address: CODE 00000120 - 0000012B (0xc bytes), align: 0
  Segment part 6.             Intra module refs:   ?FLT_TO_L
    -------------------------------------------------------------------------
RCODE
  Relative segment, address: CODE 0000012C - 0000017A (0x4f bytes), align: 0
  Segment part 7.             Intra module refs:   ?FLT_TO_L

    -------------------------------------------------------------------------
  LIBRARY MODULE, NAME : ?FLT_TEST_ZERO

  SEGMENTS IN THE MODULE
  ======================
RCODE
  Relative segment, address: CODE 0000017B - 00000183 (0x9 bytes), align: 0
  Segment part 1.
           ENTRY                   ADDRESS         REF BY
           =====                   =======         ======
           ?FLT_TEST_ZERO_REW      0000017B        ?FLT_DIV (?FLT_DIV)
                                                   ?FLT_MUL (?FLT_MUL)

    -------------------------------------------------------------------------
  LIBRARY MODULE, NAME : ?FLT_TEST_ZERO_R1

  SEGMENTS IN THE MODULE
  ======================
RCODE
  Relative segment, address: CODE 00000184 - 0000018C (0x9 bytes), align: 0
  Segment part 1.
           ENTRY                   ADDRESS         REF BY
           =====                   =======         ======
           ?FLT_TEST_ZERO_R1_REW   00000184        ?FLT_DIV (?FLT_DIV)
                                                   ?FLT_MUL (?FLT_MUL)

    -------------------------------------------------------------------------
  LIBRARY MODULE, NAME : ?FLT_TEST_INF

  SEGMENTS IN THE MODULE
  ======================
RCODE
  Relative segment, address: CODE 0000018D - 0000018F (0x3 bytes), align: 0
  Segment part 0.
           ENTRY                   ADDRESS         REF BY
           =====                   =======         ======
           ?FLT_TEST_INF_REW       0000018D        ?FLT_MUL (?FLT_MUL)
    -------------------------------------------------------------------------
RCODE
  Relative segment, address: CODE 00000190 - 000001A0 (0x11 bytes), align: 0
  Segment part 1.             Intra module refs:   ?FLT_TEST_INF_REW
           ENTRY                   ADDRESS         REF BY
           =====                   =======         ======
           ?FLT_TEST_INF           00000190        ?FLT_DIV (?FLT_DIV)

    -------------------------------------------------------------------------
  LIBRARY MODULE, NAME : ?FLT_TEST_INF_R1

  SEGMENTS IN THE MODULE
  ======================
RCODE
  Relative segment, address: CODE 000001A1 - 000001A3 (0x3 bytes), align: 0
  Segment part 0.
           ENTRY                   ADDRESS         REF BY
           =====                   =======         ======
           ?FLT_TEST_INF_R1_REW    000001A1        ?FLT_MUL (?FLT_MUL)
    -------------------------------------------------------------------------
RCODE
  Relative segment, address: CODE 000001A4 - 000001B4 (0x11 bytes), align: 0
  Segment part 1.             Intra module refs:   ?FLT_TEST_INF_R1_REW
           ENTRY                   ADDRESS         REF BY
           =====                   =======         ======
           ?FLT_TEST_INF_R1        000001A4        ?FLT_DIV (?FLT_DIV)

    -------------------------------------------------------------------------
  LIBRARY MODULE, NAME : ?FLT_TEST_NAN

  SEGMENTS IN THE MODULE
  ======================
RCODE
  Relative segment, address: CODE 000001B5 - 000001C3 (0xf bytes), align: 0
  Segment part 1.
           ENTRY                   ADDRESS         REF BY
           =====                   =======         ======
           ?FLT_TEST_NAN           000001B5        ?FLT_DIV (?FLT_DIV)
                                                   ?FLT_MUL (?FLT_MUL)

    -------------------------------------------------------------------------
  LIBRARY MODULE, NAME : ?FLT_TEST_NAN_R1

  SEGMENTS IN THE MODULE
  ======================
RCODE
  Relative segment, address: CODE 000001C4 - 000001D2 (0xf bytes), align: 0
  Segment part 1.
           ENTRY                   ADDRESS         REF BY
           =====                   =======         ======
           ?FLT_TEST_NAN_R1        000001C4        ?FLT_DIV (?FLT_DIV)
                                                   ?FLT_MUL (?FLT_MUL)

    -------------------------------------------------------------------------
  LIBRARY MODULE, NAME : ?FLT_MUL

  SEGMENTS IN THE MODULE
  ======================
RCODE
  Relative segment, address: CODE 000001D3 - 00000352 (0x180 bytes), align: 0
  Segment part 1.
           ENTRY                   ADDRESS         REF BY
           =====                   =======         ======
           ?FLT_MUL                000001D3        main (main)

    -------------------------------------------------------------------------
  LIBRARY MODULE, NAME : ?FLT_DIV

  SEGMENTS IN THE MODULE
  ======================
RCODE
  Relative segment, address: CODE 00000353 - 00000538 (0x1e6 bytes), align: 0
  Segment part 1.
           ENTRY                   ADDRESS         REF BY
           =====                   =======         ======
           ?FLT_DIV                00000353        main (main)

    -------------------------------------------------------------------------
  LIBRARY MODULE, NAME : ?L_MUL

  SEGMENTS IN THE MODULE
  ======================
RCODE
  Relative segment, address: CODE 00000539 - 0000053B (0x3 bytes), align: 0
  Segment part 0.
           ENTRY                   ADDRESS         REF BY
           =====                   =======         ======
           ?L_MUL                  00000539        main (main)
    -------------------------------------------------------------------------
RCODE
  Relative segment, address: CODE 0000053C - 000005B8 (0x7d bytes), align: 0
  Segment part 1.             Intra module refs:   ?L_MUL
           ENTRY                   ADDRESS         REF BY
           =====                   =======         ======
           ?L_MUL_REW              0000053C 

    -------------------------------------------------------------------------
  LIBRARY MODULE, NAME : ?L_NEG

  SEGMENTS IN THE MODULE
  ======================
RCODE
  Relative segment, address: CODE 000005B9 - 000005BB (0x3 bytes), align: 0
  Segment part 0.
           ENTRY                   ADDRESS         REF BY
           =====                   =======         ======
           ?L_NEG_REW              000005B9        ?L_TO_FLT_REW (?L_TO_FLT)
    -------------------------------------------------------------------------
RCODE
  Relative segment, address: CODE 000005BC - 000005CC (0x11 bytes), align: 0
  Segment part 1.             Intra module refs:   ?L_NEG_REW
           ENTRY                   ADDRESS         REF BY
           =====                   =======         ======
           ?L_NEG                  000005BC 

    -------------------------------------------------------------------------
  LIBRARY MODULE, NAME : ?L_SUB_FROM_PX

  SEGMENTS IN THE MODULE
  ======================
RCODE
  Relative segment, address: CODE 000005CD - 000005E0 (0x14 bytes), align: 0
  Segment part 1.
           ENTRY                   ADDRESS         REF BY
           =====                   =======         ======
           ?L_SUB_FROM_PX          000005CD        main (main)

    -------------------------------------------------------------------------
  LIBRARY MODULE, NAME : ?L_MOV_PX

  SEGMENTS IN THE MODULE
  ======================
RCODE
  Relative segment, address: CODE 000005E1 - 000005EF (0xf bytes), align: 0
  Segment part 0.
           ENTRY                   ADDRESS         REF BY
           =====                   =======         ======
           ?L_MOV_PX               000005E1        main (main)

    -------------------------------------------------------------------------
  LIBRARY MODULE, NAME : ?L_MOV_X

  SEGMENTS IN THE MODULE
  ======================
RCODE
  Relative segment, address: CODE 000005F0 - 000005FE (0xf bytes), align: 0
  Segment part 0.
           ENTRY                   ADDRESS         REF BY
           =====                   =======         ======
           ?L_MOV_X                000005F0        main (main)

    -------------------------------------------------------------------------
  LIBRARY MODULE, NAME : ?L_MOV_TO_PX_A

  SEGMENTS IN THE MODULE
  ======================
RCODE
  Relative segment, address: CODE 000005FF - 00000613 (0x15 bytes), align: 0
  Segment part 0.
           ENTRY                   ADDRESS         REF BY
           =====                   =======         ======
           ?L_MOV_TO_PX_A          000005FF        main (main)

    -------------------------------------------------------------------------
  LIBRARY MODULE, NAME : ?L_MOV_TO_X

  SEGMENTS IN THE MODULE
  ======================
RCODE
  Relative segment, address: CODE 00000614 - 00000622 (0xf bytes), align: 0
  Segment part 2.
           ENTRY                   ADDRESS         REF BY
           =====                   =======         ======
           ?L_MOV_TO_X             00000614        main (main)

    -------------------------------------------------------------------------
  LIBRARY MODULE, NAME : ?S_DIV_MOD

  SEGMENTS IN THE MODULE
  ======================
RCODE
  Relative segment, address: CODE 00000623 - 00000663 (0x41 bytes), align: 0
  Segment part 0.
           ENTRY                   ADDRESS         REF BY
           =====                   =======         ======
           ?S_DIV_MOD              0000065C        convertRssiByte (Radio)
                                                   main (main)
    -------------------------------------------------------------------------
RCODE
  Relative segment, address: CODE 00000664 - 000006BC (0x59 bytes), align: 0
  Segment part 1.             Intra module refs:   ?S_DIV_MOD
           ENTRY                   ADDRESS         REF BY
           =====                   =======         ======
           ?US_DIV_MOD             00000664 

    -------------------------------------------------------------------------
  LIBRARY MODULE, NAME : ?US_SHR

  SEGMENTS IN THE MODULE
  ======================
RCODE
  Relative segment, address: CODE 000006BD - 000006BF (0x3 bytes), align: 0
  Segment part 1.             Intra module refs:   Segment part 2
           ENTRY                   ADDRESS         REF BY
           =====                   =======         ======
           ?US_SHR                 000006BD        readADC (ADC)
    -------------------------------------------------------------------------
RCODE
  Relative segment, address: CODE 000006C0 - 000006CB (0xc bytes), align: 0
  Segment part 2.             Intra module refs:   ?US_SHR

    -------------------------------------------------------------------------
  LIBRARY MODULE, NAME : ?FUNC_ENTER_PDATA

  SEGMENTS IN THE MODULE
  ======================
RCODE
  Relative segment, address: CODE 000006CC - 000006FC (0x31 bytes), align: 0
  Segment part 0.
           ENTRY                   ADDRESS         REF BY
           =====                   =======         ======
           ?FUNC_ENTER_PDATA       000006CC        McuWaitMs (timer4)
                                                   McuWaitS (timer4)
                                                   __exit (?__exit)
                                                   getID (ID)

    -------------------------------------------------------------------------
  LIBRARY MODULE, NAME : ?FUNC_LEAVE_PDATA

  SEGMENTS IN THE MODULE
  ======================
RCODE
  Relative segment, address: CODE 000006FD - 00000721 (0x25 bytes), align: 0
  Segment part 0.
           ENTRY                   ADDRESS         REF BY
           =====                   =======         ======
           ?FUNC_LEAVE_PDATA       000006FD        McuWaitMs (timer4)
                                                   McuWaitS (timer4)
                                                   getID (ID)




                ****************************************
                *                                      *
                *      SEGMENTS IN ADDRESS ORDER       *
                *                                      *
                ****************************************


SEGMENT              SPACE    START ADDRESS   END ADDRESS     SIZE  TYPE  ALIGN
=======              =====    =============   ===========     ====  ====  =====
INTVEC               CODE          00000000 - 00000002           3   com    0
CSTART               CODE          00000003 - 00000050          4E   rel    0
BDATA_ID             CODE               00000051                     dse    0
BIT_ID               CODE               00000051                     dse    0
IDATA_ID             CODE               00000051                     dse    0
IXDATA_ID            CODE               00000051                     dse    0
DATA_ID              CODE               00000051                     dse    0
PDATA_ID             CODE               00000051                     dse    0
XDATA_ID             CODE          00000051 - 00000073          23   rel    0
RCODE                CODE          00000074 - 00000721         6AE   rel    0
CODE_C               CODE               00000722                     dse    0
DIFUNCT              CODE               00000722                     rel    0
CODE_N               CODE               00000722                     dse    0
NEAR_CODE            CODE          00000722 - 00000F90         86F   rel    0
REGISTERS            DATA          00000000 - 00000007           8   rel    0
VREG                 DATA          00000008 - 0000000F           8   rel    0
PSP                  DATA          00000010 - 00000010           1   rel    0
BREG                 BIT        00000020.0  -  00000020.7        8   rel    0
SFR_AN               DATA          00000080 - 00000080           1   rel    0
                     DATA          00000088 - 00000088           1 
                     DATA          0000008F - 00000090           2 
                     DATA          000000B4 - 000000B5           2 
                     DATA          000000BA - 000000BB           2 
                     DATA          000000BE - 000000BE           1 
                     DATA          000000C6 - 000000C6           1 
                     DATA          000000D9 - 000000D9           1 
                     DATA          000000E1 - 000000E1           1 
                     DATA          000000E9 - 000000E9           1 
                     DATA          000000F2 - 000000F2           1 
                     DATA          000000F4 - 000000F4           1 
                     DATA          000000F6 - 000000F7           2 
                     DATA          000000FD - 000000FE           2 
PDATA_Z              XDATA              0000F000                     dse    0
PSTACK               XDATA         0000F000 - 0000F07F          80   rel    0
XDATA_Z              XDATA         0000F080 - 0000F0D7          58   rel    0
XDATA_I              XDATA         0000F0D8 - 0000F0FA          23   rel    0
ISTACK               IDATA         000000C0 - 000000FF          40   rel    0

                ****************************************
                *                                      *
                *        END OF CROSS REFERENCE        *
                *                                      *
                ****************************************

 3 985 bytes of CODE  memory
    17 bytes of DATA  memory (+ 19 absolute )
   251 bytes of XDATA memory
    64 bytes of IDATA memory
     8 bits  of BIT   memory

Errors: none
Warnings: none

